\BOOKMARK [0][-]{section*.4}{\376\377\000L\000i\000s\000t\000\040\000o\000f\000\040\000F\000i\000g\000u\000r\000e\000s}{}% 1
\BOOKMARK [0][-]{section*.6}{\376\377\000C\000o\000n\000t\000r\000i\000b\000u\000t\000o\000r\000s}{}% 2
\BOOKMARK [0][-]{section*.8}{\376\377\000P\000r\000e\000f\000a\000c\000e}{}% 3
\BOOKMARK [0][-]{section*.10}{\376\377\000U\000s\000i\000n\000g\000\040\000T\000h\000i\000s\000\040\000B\000o\000o\000k}{}% 4
\BOOKMARK [-1][-]{part.1}{\376\377\000Q\000u\000a\000n\000t\000u\000m\000\040\000M\000e\000c\000h\000a\000n\000i\000c\000s\000\040\000f\000o\000r\000\040\000Q\000u\000a\000n\000t\000u\000m\000\040\000C\000o\000m\000m\000u\000n\000i\000c\000a\000t\000i\000o\000n}{}% 5
\BOOKMARK [0][-]{section*.14}{\376\377\000I\000n\000t\000r\000o\000d\000u\000c\000t\000i\000o\000n\000\040\000t\000o\000\040\000t\000h\000e\000\040\000f\000i\000r\000s\000t\000\040\000c\000h\000a\000p\000t\000e\000r\000\040\000b\000l\000o\000c\000k}{part.1}% 6
\BOOKMARK [0][-]{chapter.1}{\376\377\000I\000n\000t\000r\000o\000d\000u\000c\000t\000i\000o\000n}{part.1}% 7
\BOOKMARK [1][-]{section.1.1}{\376\377\000H\000i\000s\000t\000o\000r\000y\000\040\000o\000f\000\040\000C\000o\000m\000m\000u\000n\000i\000c\000a\000t\000i\000o\000n}{chapter.1}% 8
\BOOKMARK [1][-]{section.1.2}{\376\377\000A\000n\000a\000l\000o\000g\000\040\000t\000o\000\040\000d\000i\000g\000i\000t\000a\000l}{chapter.1}% 9
\BOOKMARK [1][-]{section.1.3}{\376\377\000B\000i\000t\000s\000\040\000a\000s\000\040\000b\000u\000i\000l\000d\000i\000n\000g\000\040\000b\000l\000o\000c\000k\000s}{chapter.1}% 10
\BOOKMARK [1][-]{section.1.4}{\376\377\000Q\000u\000a\000n\000t\000u\000m\000\040\000c\000o\000m\000m\000u\000n\000i\000c\000a\000t\000i\000o\000n}{chapter.1}% 11
\BOOKMARK [1][-]{section.1.5}{\376\377\000S\000e\000c\000u\000r\000i\000t\000y\000\040\000i\000n\000\040\000t\000h\000e\000\040\000q\000u\000a\000n\000t\000u\000m\000\040\000a\000g\000e}{chapter.1}% 12
\BOOKMARK [1][-]{section.1.6}{\376\377\000M\000o\000d\000u\000l\000e\000\040\000O\000v\000e\000r\000v\000i\000e\000w}{chapter.1}% 13
\BOOKMARK [0][-]{chapter.2}{\376\377\000Q\000u\000a\000n\000t\000u\000m\000\040\000S\000t\000a\000t\000e\000s}{part.1}% 14
\BOOKMARK [1][-]{section.2.1}{\376\377\000Q\000u\000b\000i\000t\000s}{chapter.2}% 15
\BOOKMARK [1][-]{section.2.2}{\376\377\000U\000n\000i\000t\000a\000r\000y\000\040\000O\000p\000e\000r\000a\000t\000i\000o\000n\000s}{chapter.2}% 16
\BOOKMARK [1][-]{section.2.3}{\376\377\000M\000e\000a\000s\000u\000r\000e\000m\000e\000n\000t}{chapter.2}% 17
\BOOKMARK [1][-]{section.2.4}{\376\377\000P\000r\000o\000b\000a\000b\000i\000l\000i\000t\000i\000e\000s\000,\000\040\000e\000x\000p\000e\000c\000t\000a\000t\000i\000o\000n\000,\000\040\000v\000a\000r\000i\000a\000n\000c\000e}{chapter.2}% 18
\BOOKMARK [1][-]{section.2.5}{\376\377\000M\000u\000l\000t\000i\000p\000l\000e\000\040\000Q\000u\000b\000i\000t\000s}{chapter.2}% 19
\BOOKMARK [1][-]{section*.16}{\376\377\000E\000x\000e\000r\000c\000i\000s\000e\000s}{chapter.2}% 20
\BOOKMARK [0][-]{chapter.3}{\376\377\000P\000u\000r\000e\000\040\000a\000n\000d\000\040\000M\000i\000x\000e\000d\000\040\000S\000t\000a\000t\000e\000s}{part.1}% 21
\BOOKMARK [1][-]{section.3.1}{\376\377\000N\000o\000i\000s\000y\000\040\000w\000o\000r\000l\000d}{chapter.3}% 22
\BOOKMARK [1][-]{section.3.2}{\376\377\000O\000u\000t\000e\000r\000\040\000p\000r\000o\000d\000u\000c\000t}{chapter.3}% 23
\BOOKMARK [1][-]{section.3.3}{\376\377\000D\000e\000n\000s\000i\000t\000y\000\040\000m\000a\000t\000r\000i\000c\000e\000s}{chapter.3}% 24
\BOOKMARK [1][-]{section.3.4}{\376\377\000P\000u\000r\000e\000\040\000v\000s\000\040\000m\000i\000x\000e\000d\000\040\000s\000t\000a\000t\000e\000s}{chapter.3}% 25
\BOOKMARK [1][-]{section.3.5}{\376\377\000F\000i\000d\000e\000l\000i\000t\000y}{chapter.3}% 26
\BOOKMARK [1][-]{section*.17}{\376\377\000E\000x\000e\000r\000c\000i\000s\000e\000s}{chapter.3}% 27
\BOOKMARK [0][-]{chapter.4}{\376\377\000E\000n\000t\000a\000n\000g\000l\000e\000m\000e\000n\000t}{part.1}% 28
\BOOKMARK [1][-]{section.4.1}{\376\377\000C\000H\000S\000H\000\040\000G\000a\000m\000e}{chapter.4}% 29
\BOOKMARK [1][-]{section.4.2}{\376\377\000E\000n\000t\000a\000n\000g\000l\000e\000d\000\040\000s\000t\000a\000t\000e\000s}{chapter.4}% 30
\BOOKMARK [1][-]{section.4.3}{\376\377\000B\000e\000l\000l\000\040\000s\000t\000a\000t\000e\000s}{chapter.4}% 31
\BOOKMARK [1][-]{section.4.4}{\376\377\000S\000p\000o\000n\000t\000a\000n\000e\000o\000u\000s\000\040\000p\000a\000r\000a\000m\000e\000t\000r\000i\000c\000\040\000d\000o\000w\000n\000-\000c\000o\000n\000v\000e\000r\000s\000i\000o\000n}{chapter.4}% 32
\BOOKMARK [1][-]{section.4.5}{\376\377\000E\000n\000t\000a\000n\000g\000l\000e\000m\000e\000n\000t\000\040\000a\000s\000\040\000a\000\040\000r\000e\000s\000o\000u\000r\000c\000e}{chapter.4}% 33
\BOOKMARK [1][-]{section*.18}{\376\377\000E\000x\000e\000r\000c\000i\000s\000e\000s}{chapter.4}% 34
\BOOKMARK [1][-]{section*.19}{\376\377\000Q\000u\000i\000z}{chapter.4}% 35
\BOOKMARK [1][-]{section*.20}{\376\377\000F\000u\000r\000t\000h\000e\000r\000\040\000r\000e\000a\000d\000i\000n\000g\000\040\000f\000o\000r\000\040\000c\000h\000a\000p\000t\000e\000r\000s\000\040\0001\000-\0004}{chapter.4}% 36
\BOOKMARK [-1][-]{part.2}{\376\377\000F\000u\000n\000d\000a\000m\000e\000n\000t\000a\000l\000s\000\040\000o\000f\000\040\000O\000p\000t\000i\000c\000s}{}% 37
\BOOKMARK [0][-]{section*.21}{\376\377\000I\000n\000t\000r\000o\000d\000u\000c\000t\000i\000o\000n\000\040\000t\000o\000\040\000t\000h\000e\000\040\000s\000e\000c\000o\000n\000d\000\040\000c\000h\000a\000p\000t\000e\000r\000\040\000b\000l\000o\000c\000k}{part.2}% 38
\BOOKMARK [0][-]{chapter.5}{\376\377\000C\000o\000h\000e\000r\000e\000n\000t\000\040\000L\000i\000g\000h\000t\000\040\000a\000n\000d\000\040\000S\000i\000n\000g\000l\000e\000\040\000P\000h\000o\000t\000o\000n\000s}{part.2}% 39
\BOOKMARK [1][-]{section.5.1}{\376\377\000I\000n\000t\000r\000o\000d\000u\000c\000t\000i\000o\000n}{chapter.5}% 40
\BOOKMARK [1][-]{section.5.2}{\376\377\000C\000o\000h\000e\000r\000e\000n\000t\000\040\000v\000s\000\040\000i\000n\000c\000o\000h\000e\000r\000e\000n\000t\000\040\000l\000i\000g\000h\000t}{chapter.5}% 41
\BOOKMARK [1][-]{section.5.3}{\376\377\000L\000a\000s\000e\000r\000s\000\040\000I\000:\000\040\000S\000t\000i\000m\000u\000l\000a\000t\000e\000d\000\040\000e\000m\000i\000s\000s\000i\000o\000n}{chapter.5}% 42
\BOOKMARK [1][-]{section.5.4}{\376\377\000L\000a\000s\000e\000r\000s\000\040\000I\000I\000:\000\040\000P\000o\000p\000u\000l\000a\000t\000i\000o\000n\000\040\000i\000n\000v\000e\000r\000s\000i\000o\000n}{chapter.5}% 43
\BOOKMARK [1][-]{section.5.5}{\376\377\000S\000i\000n\000g\000l\000e\000\040\000p\000h\000o\000t\000o\000n\000s}{chapter.5}% 44
\BOOKMARK [1][-]{section*.23}{\376\377\000E\000x\000e\000r\000c\000i\000s\000e\000s}{chapter.5}% 45
\BOOKMARK [0][-]{chapter.6}{\376\377\000I\000n\000t\000e\000r\000f\000e\000r\000e\000n\000c\000e}{part.2}% 46
\BOOKMARK [1][-]{section.6.1}{\376\377\000C\000o\000n\000s\000t\000r\000u\000c\000t\000i\000v\000e\000\040\000a\000n\000d\000\040\000d\000e\000s\000t\000r\000u\000c\000t\000i\000v\000e\000\040\000i\000n\000t\000e\000r\000f\000e\000r\000e\000n\000c\000e}{chapter.6}% 47
\BOOKMARK [1][-]{section.6.2}{\376\377\000P\000h\000a\000s\000e\000\040\000a\000n\000d\000\040\000g\000r\000o\000u\000p\000\040\000v\000e\000l\000o\000c\000i\000t\000i\000e\000s}{chapter.6}% 48
\BOOKMARK [1][-]{section.6.3}{\376\377\000I\000n\000t\000e\000r\000f\000e\000r\000e\000n\000c\000e\000\040\000w\000i\000t\000h\000\040\000s\000i\000n\000g\000l\000e\000\040\000p\000h\000o\000t\000o\000n\000s}{chapter.6}% 49
\BOOKMARK [1][-]{section.6.4}{\376\377\000I\000n\000t\000e\000r\000f\000e\000r\000e\000n\000c\000e\000\040\000w\000i\000t\000h\000\040\000q\000u\000b\000i\000t\000s}{chapter.6}% 50
\BOOKMARK [1][-]{section*.24}{\376\377\000E\000x\000e\000r\000c\000i\000s\000e\000s}{chapter.6}% 51
\BOOKMARK [0][-]{chapter.7}{\376\377\000W\000a\000v\000e\000g\000u\000i\000d\000e\000s}{part.2}% 52
\BOOKMARK [1][-]{section.7.1}{\376\377\000B\000r\000i\000e\000f\000\040\000h\000i\000s\000t\000o\000r\000y\000\040\000o\000f\000\040\000g\000u\000i\000d\000i\000n\000g\000\040\000l\000i\000g\000h\000t}{chapter.7}% 53
\BOOKMARK [1][-]{section.7.2}{\376\377\000L\000i\000g\000h\000t\000\040\000a\000t\000\040\000a\000n\000\040\000i\000n\000t\000e\000r\000f\000a\000c\000e}{chapter.7}% 54
\BOOKMARK [1][-]{section.7.3}{\376\377\000T\000o\000t\000a\000l\000\040\000i\000n\000t\000e\000r\000n\000a\000l\000\040\000r\000e\000f\000l\000e\000c\000t\000i\000o\000n}{chapter.7}% 55
\BOOKMARK [1][-]{section.7.4}{\376\377\000O\000p\000t\000i\000c\000a\000l\000\040\000f\000i\000b\000e\000r\000s}{chapter.7}% 56
\BOOKMARK [1][-]{section*.25}{\376\377\000E\000x\000e\000r\000c\000i\000s\000e\000s}{chapter.7}% 57
\BOOKMARK [1][-]{section*.26}{\376\377\000Q\000u\000i\000z}{chapter.7}% 58
\BOOKMARK [1][-]{section*.27}{\376\377\000F\000u\000r\000t\000h\000e\000r\000\040\000r\000e\000a\000d\000i\000n\000g\000\040\000C\000h\000a\000p\000t\000e\000r\000s\000\040\0005\000-\0007}{chapter.7}% 59
\BOOKMARK [-1][-]{part.3}{\376\377\000Q\000u\000a\000n\000t\000u\000m\000\040\000C\000o\000m\000m\000u\000n\000i\000c\000a\000t\000i\000o\000n\000\040\000P\000r\000o\000t\000o\000c\000o\000l\000s}{}% 60
\BOOKMARK [0][-]{section*.28}{\376\377\000I\000n\000t\000r\000o\000d\000u\000c\000t\000i\000o\000n\000\040\000t\000o\000\040\000t\000h\000e\000\040\000t\000h\000i\000r\000d\000\040\000c\000h\000a\000p\000t\000e\000r\000\040\000b\000l\000o\000c\000k}{part.3}% 61
\BOOKMARK [0][-]{chapter.8}{\376\377\000T\000e\000l\000e\000p\000o\000r\000t\000a\000t\000i\000o\000n}{part.3}% 62
\BOOKMARK [1][-]{section.8.1}{\376\377\000I\000n\000t\000r\000o\000d\000u\000c\000t\000i\000o\000n}{chapter.8}% 63
\BOOKMARK [1][-]{section.8.2}{\376\377\000T\000e\000l\000e\000p\000o\000r\000t\000a\000t\000i\000o\000n\000\040\000p\000r\000o\000t\000o\000c\000o\000l}{chapter.8}% 64
\BOOKMARK [1][-]{section.8.3}{\376\377\000N\000o\000-\000c\000l\000o\000n\000i\000n\000g\000\040\000t\000h\000e\000o\000r\000e\000m\000\040\000a\000n\000d\000\040\000F\000a\000s\000t\000e\000r\000-\000t\000h\000a\000n\000-\000l\000i\000g\000h\000t\000\040\000c\000o\000m\000m\000u\000n\000i\000c\000a\000t\000i\000o\000n}{chapter.8}% 65
\BOOKMARK [1][-]{section*.30}{\376\377\000E\000x\000e\000r\000c\000i\000s\000e\000s}{chapter.8}% 66
\BOOKMARK [0][-]{chapter.9}{\376\377\000B\000B\0008\0004\000:\000\040\000S\000i\000n\000g\000l\000e\000-\000p\000h\000o\000t\000o\000n\000\040\000Q\000K\000D}{part.3}% 67
\BOOKMARK [1][-]{section.9.1}{\376\377\000T\000h\000r\000e\000e\000\040\000p\000h\000a\000s\000e\000s\000\040\000o\000f\000\040\000c\000r\000y\000p\000t\000o\000g\000r\000a\000p\000h\000i\000c\000a\000l\000l\000y\000\040\000s\000e\000c\000u\000r\000e\000\040\000c\000o\000m\000m\000u\000n\000i\000c\000a\000t\000i\000o\000n}{chapter.9}% 68
\BOOKMARK [1][-]{section.9.2}{\376\377\000K\000e\000y\000\040\000a\000g\000r\000e\000e\000m\000e\000n\000t\000\040\000a\000n\000d\000\040\000u\000s\000e}{chapter.9}% 69
\BOOKMARK [1][-]{section.9.3}{\376\377\000B\000B\0008\0004\000\040\000P\000r\000o\000t\000o\000c\000o\000l}{chapter.9}% 70
\BOOKMARK [1][-]{section.9.4}{\376\377\000E\000a\000v\000e\000s\000d\000r\000o\000p\000p\000e\000r\000\040\000d\000e\000t\000e\000c\000t\000i\000o\000n}{chapter.9}% 71
\BOOKMARK [1][-]{section.9.5}{\376\377\000E\000x\000i\000s\000t\000i\000n\000g\000\040\000Q\000K\000D\000\040\000n\000e\000t\000w\000o\000r\000k\000\040\000t\000e\000s\000t\000b\000e\000d\000s}{chapter.9}% 72
\BOOKMARK [1][-]{section*.31}{\376\377\000E\000x\000e\000r\000c\000i\000s\000e\000s}{chapter.9}% 73
\BOOKMARK [0][-]{chapter.10}{\376\377\000E\0009\0001\000:\000\040\000E\000n\000t\000a\000n\000g\000l\000e\000m\000e\000n\000t\000-\000b\000a\000s\000e\000d\000\040\000Q\000K\000D}{part.3}% 74
\BOOKMARK [1][-]{section.10.1}{\376\377\000I\000n\000t\000r\000o\000d\000u\000c\000t\000i\000o\000n}{chapter.10}% 75
\BOOKMARK [1][-]{section.10.2}{\376\377\000B\000a\000s\000i\000c\000\040\000i\000n\000g\000r\000e\000d\000i\000e\000n\000t\000s}{chapter.10}% 76
\BOOKMARK [1][-]{section.10.3}{\376\377\000P\000r\000o\000t\000o\000c\000o\000l}{chapter.10}% 77
\BOOKMARK [1][-]{section*.32}{\376\377\000E\000x\000e\000r\000c\000i\000s\000e\000s}{chapter.10}% 78
\BOOKMARK [1][-]{section*.33}{\376\377\000Q\000u\000i\000z}{chapter.10}% 79
\BOOKMARK [1][-]{section*.34}{\376\377\000F\000u\000r\000t\000h\000e\000r\000\040\000r\000e\000a\000d\000i\000n\000g\000\040\000f\000o\000r\000\040\000c\000h\000a\000p\000t\000e\000r\000s\000\040\0008\000-\0001\0000}{chapter.10}% 80
\BOOKMARK [-1][-]{part.4}{\376\377\000F\000u\000n\000d\000a\000m\000e\000n\000t\000a\000l\000s\000\040\000o\000f\000\040\000Q\000u\000a\000n\000t\000u\000m\000\040\000R\000e\000p\000e\000a\000t\000e\000r\000s}{}% 81
\BOOKMARK [0][-]{section*.35}{\376\377\000I\000n\000t\000r\000o\000d\000u\000c\000t\000i\000o\000n\000\040\000t\000o\000\040\000t\000h\000e\000\040\000f\000o\000u\000r\000t\000h\000\040\000l\000e\000s\000s\000o\000n\000\040\000b\000l\000o\000c\000k}{part.4}% 82
\BOOKMARK [0][-]{chapter.11}{\376\377\000L\000o\000n\000g\000-\000d\000i\000s\000t\000a\000n\000c\000e\000\040\000c\000o\000m\000m\000u\000n\000i\000c\000a\000t\000i\000o\000n}{part.4}% 83
\BOOKMARK [1][-]{section.11.1}{\376\377\000I\000n\000t\000r\000o\000d\000u\000c\000t\000i\000o\000n}{chapter.11}% 84
\BOOKMARK [1][-]{section.11.2}{\376\377\000M\000o\000d\000e\000\040\000d\000i\000s\000p\000e\000r\000s\000i\000o\000n}{chapter.11}% 85
\BOOKMARK [1][-]{section.11.3}{\376\377\000A\000t\000t\000e\000n\000u\000a\000t\000i\000o\000n}{chapter.11}% 86
\BOOKMARK [1][-]{section.11.4}{\376\377\000O\000v\000e\000r\000c\000o\000m\000i\000n\000g\000\040\000l\000o\000s\000s\000e\000s}{chapter.11}% 87
\BOOKMARK [1][-]{section.11.5}{\376\377\000Q\000u\000a\000n\000t\000u\000m\000\040\000c\000h\000a\000l\000l\000e\000n\000g\000e\000s}{chapter.11}% 88
\BOOKMARK [1][-]{section*.37}{\376\377\000E\000x\000e\000r\000c\000i\000s\000e\000s}{chapter.11}% 89
\BOOKMARK [0][-]{chapter.12}{\376\377\000Q\000u\000a\000n\000t\000u\000m\000\040\000r\000e\000p\000e\000a\000t\000e\000r\000s}{part.4}% 90
\BOOKMARK [1][-]{section.12.1}{\376\377\000T\000h\000e\000\040\000n\000e\000e\000d\000\040\000f\000o\000r\000\040\000r\000e\000p\000e\000a\000t\000e\000r\000s}{chapter.12}% 91
\BOOKMARK [1][-]{section.12.2}{\376\377\000M\000a\000k\000i\000n\000g\000\040\000l\000i\000n\000k\000-\000l\000e\000v\000e\000l\000\040\000e\000n\000t\000a\000n\000g\000l\000e\000m\000e\000n\000t}{chapter.12}% 92
\BOOKMARK [1][-]{section.12.3}{\376\377\000R\000e\000a\000c\000h\000i\000n\000g\000\040\000f\000o\000r\000\040\000d\000i\000s\000t\000a\000n\000c\000e\000:\000\040\000E\000n\000t\000a\000n\000g\000l\000e\000m\000e\000n\000t\000\040\000s\000w\000a\000p\000p\000i\000n\000g}{chapter.12}% 93
\BOOKMARK [1][-]{section.12.4}{\376\377\000D\000e\000t\000e\000c\000t\000i\000n\000g\000\040\000e\000r\000r\000o\000r\000s\000:\000\040\000p\000u\000r\000i\000f\000i\000c\000a\000t\000i\000o\000n}{chapter.12}% 94
\BOOKMARK [1][-]{section.12.5}{\376\377\000M\000a\000k\000i\000n\000g\000\040\000a\000\040\000n\000e\000t\000w\000o\000r\000k}{chapter.12}% 95
\BOOKMARK [1][-]{section*.38}{\376\377\000E\000x\000e\000r\000c\000i\000s\000e\000s}{chapter.12}% 96
\BOOKMARK [0][-]{chapter.13}{\376\377\000P\000h\000y\000s\000i\000c\000a\000l\000\040\000L\000a\000y\000e\000r\000\040\000C\000o\000m\000p\000o\000n\000e\000n\000t\000s}{part.4}% 97
\BOOKMARK [1][-]{section.13.1}{\376\377\000I\000n\000t\000r\000o\000d\000u\000c\000t\000i\000o\000n}{chapter.13}% 98
\BOOKMARK [1][-]{section.13.2}{\376\377\000B\000e\000l\000l\000\040\000S\000t\000a\000t\000e\000\040\000M\000e\000a\000s\000u\000r\000e\000m\000e\000n\000t\000s\000\040\000I}{chapter.13}% 99
\BOOKMARK [1][-]{section.13.3}{\376\377\000B\000e\000l\000l\000\040\000S\000t\000a\000t\000e\000\040\000M\000e\000a\000s\000u\000r\000e\000m\000e\000n\000t\000s\000\040\000I\000I}{chapter.13}% 100
\BOOKMARK [1][-]{section.13.4}{\376\377\000S\000t\000a\000t\000i\000o\000n\000a\000r\000y\000\040\000a\000n\000d\000\040\000f\000l\000y\000i\000n\000g\000\040\000q\000u\000b\000i\000t\000s}{chapter.13}% 101
\BOOKMARK [1][-]{section*.39}{\376\377\000E\000x\000e\000r\000c\000i\000s\000e\000s}{chapter.13}% 102
\BOOKMARK [1][-]{section*.40}{\376\377\000Q\000u\000i\000z}{chapter.13}% 103
\BOOKMARK [1][-]{section*.41}{\376\377\000F\000u\000r\000t\000h\000e\000r\000\040\000r\000e\000a\000d\000i\000n\000g\000\040\000c\000h\000a\000p\000t\000e\000r\000s\000\040\0001\0001\000-\0001\0003}{chapter.13}% 104
\BOOKMARK [-1][-]{part.5}{\376\377\000Q\000u\000a\000n\000t\000u\000m\000\040\000R\000e\000p\000e\000a\000t\000e\000r\000\040\000S\000y\000s\000t\000e\000m\000s}{}% 105
\BOOKMARK [0][-]{section*.42}{\376\377\000I\000n\000t\000r\000o\000d\000u\000c\000t\000i\000o\000n\000\040\000t\000o\000\040\000t\000h\000e\000\040\000f\000i\000f\000t\000h\000\040\000l\000e\000s\000s\000o\000n\000\040\000b\000l\000o\000c\000k}{part.5}% 106
\BOOKMARK [0][-]{chapter.14}{\376\377\000E\000n\000t\000a\000n\000g\000l\000e\000m\000e\000n\000t\000\040\000R\000e\000v\000i\000s\000i\000t\000e\000d}{part.5}% 107
\BOOKMARK [1][-]{section.14.1}{\376\377\000B\000i\000p\000a\000r\000t\000i\000t\000e\000\040\000e\000n\000t\000a\000n\000g\000l\000e\000m\000e\000n\000t}{chapter.14}% 108
\BOOKMARK [1][-]{section.14.2}{\376\377\000M\000u\000l\000t\000i\000p\000a\000r\000t\000i\000t\000e\000\040\000e\000n\000t\000a\000n\000g\000l\000e\000m\000e\000n\000t}{chapter.14}% 109
\BOOKMARK [1][-]{section.14.3}{\376\377\000C\000l\000o\000c\000k\000\040\000s\000y\000n\000c\000h\000r\000o\000n\000i\000z\000a\000t\000i\000o\000n}{chapter.14}% 110
\BOOKMARK [1][-]{section.14.4}{\376\377\000D\000i\000s\000t\000r\000i\000b\000u\000t\000e\000d\000\040\000a\000n\000d\000\040\000b\000l\000i\000n\000d\000\040\000q\000u\000a\000n\000t\000u\000m\000\040\000c\000o\000m\000p\000u\000t\000a\000t\000i\000o\000n}{chapter.14}% 111
\BOOKMARK [1][-]{section*.44}{\376\377\000E\000x\000e\000r\000c\000i\000s\000e\000s}{chapter.14}% 112
\BOOKMARK [0][-]{chapter.15}{\376\377\000Q\000u\000a\000n\000t\000u\000m\000\040\000I\000n\000t\000e\000r\000n\000e\000t}{part.5}% 113
\BOOKMARK [1][-]{section.15.1}{\376\377\000N\000e\000t\000w\000o\000r\000k\000s\000\040\000o\000f\000\040\000n\000e\000t\000w\000o\000r\000k\000s}{chapter.15}% 114
\BOOKMARK [1][-]{section.15.2}{\376\377\000I\000n\000t\000e\000g\000r\000a\000t\000i\000o\000n\000\040\000w\000i\000t\000h\000\040\000c\000l\000a\000s\000s\000i\000c\000a\000l\000\040\000s\000y\000s\000t\000e\000m\000s}{chapter.15}% 115
\BOOKMARK [1][-]{section.15.3}{\376\377\000P\000u\000t\000t\000i\000n\000g\000\040\000i\000t\000\040\000a\000l\000l\000\040\000t\000o\000g\000e\000t\000h\000e\000r}{chapter.15}% 116
\BOOKMARK [1][-]{section*.45}{\376\377\000Q\000u\000i\000z}{chapter.15}% 117
\BOOKMARK [1][-]{section*.46}{\376\377\000F\000u\000r\000t\000h\000e\000r\000\040\000r\000e\000a\000d\000i\000n\000g\000\040\000c\000h\000a\000p\000t\000e\000r\000s\000\040\0001\0004\000-\0001\0005}{chapter.15}% 118
\BOOKMARK [0][-]{section*.48}{\376\377\000B\000i\000b\000l\000i\000o\000g\000r\000a\000p\000h\000y}{part.5}% 119
\BOOKMARK [0][-]{section*.50}{\376\377\000I\000n\000d\000e\000x}{part.5}% 120
